LEEFHeader_EventID="FDS Audit"
LEEFHeader_Product="Federated Directory Server"
LEEFHeader_ProductVersion="1.0.0"
LEEFHeader_Vendor="IBM"
accountName=getTargetUser()
attributes=getValueForOperation(getAttributeList(), "add")
cat=getAuditOperation(work.getString("$operation"))
devTime=system.formatDate(new java.util.Date(), "yyyy-MM-dd'T'HH:mm:ss.SSSz")
devTimeFormat="yyyy-MM-dd'T'HH:mm:ss.SSSz"
domain="Federated Directory Server"
dst=getHostname(getTargetUrl())
dstBytes=
dstMAC=
dstPackets=
dstPort=getPortNumber(getTargetUrl())
dstPostNAT=
dstPostNATPORT=
dstPreNAT=
dstPreNATPORT=
entryDeleted=getValueForOperation(work.getString("targetLDAPDN"), "delete")
entryName=getValueForOperation(work.getString("targetLDAPDN"), "add")
groupID=
identGrpName=
identHostName=
identMAC=
identNetBios=
identSrc=
modAttrs=getValueForOperation(getAttributeList(), "modify")
modTypes=getValueForOperation(getAttributeOperationList(), "modify")
objectName=getValueForOperation(work.getString("targetLDAPDN"), "modify")
opResult=getWriteResult()
policy=
proto=
realm=
resource=
role=
sev=getSeverity();
src=getHostname(getProperty("source.ldap.url"))
srcBytes=
srcMAC=
srcPackets=
srcPort=getPortNumber(getProperty("source.ldap.url"))
srcPostNAT=
srcPostNATPORT=
srcPreNAT=
srcPreNATPORT=
totalPackets=
url=
usrName=getTargetUser()
vSrc=
vSrcName=
