LEEFHeader_EventID=system.getTDIProperty("SCIM", "audit.eventID")
LEEFHeader_Product="SDI"
LEEFHeader_ProductVersion="10.0.0.6"
LEEFHeader_Vendor="IBM"
SyslogHeader_IPAddress{!}=
SyslogHeader_Timestamp{!}=
accountName{!}=
cat=work["http.method"]
devTime=system.formatDate(new java.util.Date(), system.getTDIProperty("SCIM", "audit.devTimeFormat"))
devTimeFormat=system.getTDIProperty("SCIM", "audit.devTimeFormat")
domain{!}=
dst=work["tcp.localIP"]
dstBytes{!}=
dstMAC{!}=
dstPacket{!}s=
dstPort=work["tcp.localPort"]
dstPostNAT{!}=
dstPostNATPORT{!}=
dstPreNAT{!}=
dstPreNATPORT{!}=
groupID{!}=
identGrpName{!}=
identHostName{!}=
identMAC{!}=
identNetBios{!}=
identSrc{!}=
policy{!}=
proto="TCP"
realm{!}=
resource=ID
role{!}=
sev=work.getString("http.status").substring(0, 1)
src=work["tcp.remoteIP"]
srcBytes{!}=
srcMAC{!}=
srcPackets{!}=
srcPort=work["tcp.remotePort"]
srcPostNAT{!}=
srcPostNATPORT{!}=
srcPreNAT{!}=
srcPreNATPORT{!}=
totalPackets{!}=
url=work["http.url"]
usrName=work["http.remote_user"]
vSrc{!}=
vSrcName{!}=

response=work["http.status"]
